<?xml version="1.0" encoding="UTF-8"?>
<testsuites>
  <testsuite name="" tests="31" assertions="36" errors="0" failures="0" skipped="0" time="18.834957">
    <testsuite name="Unit" tests="16" assertions="16" errors="0" failures="0" skipped="0" time="5.502135">
      <testsuite name="Tests\Unit\ExampleTest" file="C:\laragon\www\blog\tests\Unit\ExampleTest.php" tests="1" assertions="1" errors="0" failures="0" skipped="0" time="4.756324">
        <testcase name="testBasicTest" class="Tests\Unit\ExampleTest" classname="Tests.Unit.ExampleTest" file="C:\laragon\www\blog\tests\Unit\ExampleTest.php" line="15" assertions="1" time="4.756324"/>
      </testsuite>
      <testsuite name="Tests\Unit\Models\PostCategory\PostCategoryTest" file="C:\laragon\www\blog\tests\Unit\Models\PostCategory\PostCategoryTest.php" tests="5" assertions="5" errors="0" failures="0" skipped="0" time="0.277605">
        <testcase name="test_it_has_many_children" class="Tests\Unit\Models\PostCategory\PostCategoryTest" classname="Tests.Unit.Models.PostCategory.PostCategoryTest" file="C:\laragon\www\blog\tests\Unit\Models\PostCategory\PostCategoryTest.php" line="18" assertions="1" time="0.097568"/>
        <testcase name="test_children_only_has_one_parent" class="Tests\Unit\Models\PostCategory\PostCategoryTest" classname="Tests.Unit.Models.PostCategory.PostCategoryTest" file="C:\laragon\www\blog\tests\Unit\Models\PostCategory\PostCategoryTest.php" line="35" assertions="1" time="0.039438"/>
        <testcase name="test_it_is_orderable_by_a_numbered_order" class="Tests\Unit\Models\PostCategory\PostCategoryTest" classname="Tests.Unit.Models.PostCategory.PostCategoryTest" file="C:\laragon\www\blog\tests\Unit\Models\PostCategory\PostCategoryTest.php" line="51" assertions="1" time="0.038456"/>
        <testcase name="test_it_has_many_children_recursive" class="Tests\Unit\Models\PostCategory\PostCategoryTest" classname="Tests.Unit.Models.PostCategory.PostCategoryTest" file="C:\laragon\www\blog\tests\Unit\Models\PostCategory\PostCategoryTest.php" line="69" assertions="1" time="0.041601"/>
        <testcase name="test_a_post_category_has_many_post" class="Tests\Unit\Models\PostCategory\PostCategoryTest" classname="Tests.Unit.Models.PostCategory.PostCategoryTest" file="C:\laragon\www\blog\tests\Unit\Models\PostCategory\PostCategoryTest.php" line="89" assertions="1" time="0.060542"/>
      </testsuite>
      <testsuite name="Tests\Unit\Models\Post\PostTest" file="C:\laragon\www\blog\tests\Unit\Models\Post\PostTest.php" tests="3" assertions="3" errors="0" failures="0" skipped="0" time="0.125163">
        <testcase name="test_a_post_has_one_category" class="Tests\Unit\Models\Post\PostTest" classname="Tests.Unit.Models.Post.PostTest" file="C:\laragon\www\blog\tests\Unit\Models\Post\PostTest.php" line="19" assertions="1" time="0.037807"/>
        <testcase name="test_a_post_can_update_a_category" class="Tests\Unit\Models\Post\PostTest" classname="Tests.Unit.Models.Post.PostTest" file="C:\laragon\www\blog\tests\Unit\Models\Post\PostTest.php" line="31" assertions="1" time="0.034396"/>
        <testcase name="test_a_post_can_add_some_tags" class="Tests\Unit\Models\Post\PostTest" classname="Tests.Unit.Models.Post.PostTest" file="C:\laragon\www\blog\tests\Unit\Models\Post\PostTest.php" line="46" assertions="1" time="0.052960"/>
      </testsuite>
      <testsuite name="Tests\Unit\Models\Tag\TagTest" file="C:\laragon\www\blog\tests\Unit\Models\Tag\TagTest.php" tests="1" assertions="1" errors="0" failures="0" skipped="0" time="0.035435">
        <testcase name="test_a_tag_can_attach_some_posts" class="Tests\Unit\Models\Tag\TagTest" classname="Tests.Unit.Models.Tag.TagTest" file="C:\laragon\www\blog\tests\Unit\Models\Tag\TagTest.php" line="18" assertions="1" time="0.035435"/>
      </testsuite>
      <testsuite name="Tests\Unit\Models\User\UserTest" file="C:\laragon\www\blog\tests\Unit\Models\User\UserTest.php" tests="6" assertions="6" errors="0" failures="0" skipped="0" time="0.307608">
        <testcase name="test_give_permissions_to_user" class="Tests\Unit\Models\User\UserTest" classname="Tests.Unit.Models.User.UserTest" file="C:\laragon\www\blog\tests\Unit\Models\User\UserTest.php" line="19" assertions="1" time="0.028070"/>
        <testcase name="test_detach_permission_to_user" class="Tests\Unit\Models\User\UserTest" classname="Tests.Unit.Models.User.UserTest" file="C:\laragon\www\blog\tests\Unit\Models\User\UserTest.php" line="35" assertions="1" time="0.027749"/>
        <testcase name="test_user_has_permission" class="Tests\Unit\Models\User\UserTest" classname="Tests.Unit.Models.User.UserTest" file="C:\laragon\www\blog\tests\Unit\Models\User\UserTest.php" line="52" assertions="1" time="0.076899"/>
        <testcase name="test_user_has_permission_with_permission_object_through_role" class="Tests\Unit\Models\User\UserTest" classname="Tests.Unit.Models.User.UserTest" file="C:\laragon\www\blog\tests\Unit\Models\User\UserTest.php" line="70" assertions="1" time="0.063880"/>
        <testcase name="test_user_can_update_the_permission" class="Tests\Unit\Models\User\UserTest" classname="Tests.Unit.Models.User.UserTest" file="C:\laragon\www\blog\tests\Unit\Models\User\UserTest.php" line="92" assertions="1" time="0.056443"/>
        <testcase name="test_user_has_role" class="Tests\Unit\Models\User\UserTest" classname="Tests.Unit.Models.User.UserTest" file="C:\laragon\www\blog\tests\Unit\Models\User\UserTest.php" line="112" assertions="1" time="0.054567"/>
      </testsuite>
    </testsuite>
    <testsuite name="Feature" tests="15" assertions="20" errors="0" failures="0" skipped="0" time="13.332821">
      <testsuite name="Tests\Feature\Auth\LoginTest" file="C:\laragon\www\blog\tests\Feature\Auth\LoginTest.php" tests="7" assertions="11" errors="0" failures="0" skipped="0" time="12.260800">
        <testcase name="test_it_requires_an_email" class="Tests\Feature\Auth\LoginTest" classname="Tests.Feature.Auth.LoginTest" file="C:\laragon\www\blog\tests\Feature\Auth\LoginTest.php" line="24" assertions="2" time="0.483318"/>
        <testcase name="test_it_requires_a_password" class="Tests\Feature\Auth\LoginTest" classname="Tests.Feature.Auth.LoginTest" file="C:\laragon\www\blog\tests\Feature\Auth\LoginTest.php" line="35" assertions="2" time="0.791500"/>
        <testcase name="test_it_returns_an_error_if_credentials_dont_match" class="Tests\Feature\Auth\LoginTest" classname="Tests.Feature.Auth.LoginTest" file="C:\laragon\www\blog\tests\Feature\Auth\LoginTest.php" line="46" assertions="2" time="1.038620"/>
        <testcase name="test_login_return_true" class="Tests\Feature\Auth\LoginTest" classname="Tests.Feature.Auth.LoginTest" file="C:\laragon\www\blog\tests\Feature\Auth\LoginTest.php" line="61" assertions="1" time="3.618525"/>
        <testcase name="test_it_returns_a_validation_error_if_credentials_dont_matchs" class="Tests\Feature\Auth\LoginTest" classname="Tests.Feature.Auth.LoginTest" file="C:\laragon\www\blog\tests\Feature\Auth\LoginTest.php" line="78" assertions="2" time="1.861688"/>
        <testcase name="test_it_to_login_and_then_access_me" class="Tests\Feature\Auth\LoginTest" classname="Tests.Feature.Auth.LoginTest" file="C:\laragon\www\blog\tests\Feature\Auth\LoginTest.php" line="96" assertions="1" time="0.462868"/>
        <testcase name="test_it_to_login_and_thenlogout" class="Tests\Feature\Auth\LoginTest" classname="Tests.Feature.Auth.LoginTest" file="C:\laragon\www\blog\tests\Feature\Auth\LoginTest.php" line="120" assertions="1" time="4.004281"/>
      </testsuite>
      <testsuite name="Tests\Feature\Auth\RegisterTest" file="C:\laragon\www\blog\tests\Feature\Auth\RegisterTest.php" tests="1" assertions="1" errors="0" failures="0" skipped="0" time="0.469607">
        <testcase name="test_register_someone" class="Tests\Feature\Auth\RegisterTest" classname="Tests.Feature.Auth.RegisterTest" file="C:\laragon\www\blog\tests\Feature\Auth\RegisterTest.php" line="22" assertions="1" time="0.469607"/>
      </testsuite>
      <testsuite name="Tests\Feature\ExampleTest" file="C:\laragon\www\blog\tests\Feature\ExampleTest.php" tests="1" assertions="1" errors="0" failures="0" skipped="0" time="0.017009">
        <testcase name="testBasicTest" class="Tests\Feature\ExampleTest" classname="Tests.Feature.ExampleTest" file="C:\laragon\www\blog\tests\Feature\ExampleTest.php" line="15" assertions="1" time="0.017009"/>
      </testsuite>
      <testsuite name="Tests\Feature\Post\PostTest" file="C:\laragon\www\blog\tests\Feature\Post\PostTest.php" tests="6" assertions="7" errors="0" failures="0" skipped="0" time="0.585405">
        <testcase name="test_user_can_create_a_post" class="Tests\Feature\Post\PostTest" classname="Tests.Feature.Post.PostTest" file="C:\laragon\www\blog\tests\Feature\Post\PostTest.php" line="23" assertions="1" time="0.075320"/>
        <testcase name="test_user_can_access_posts" class="Tests\Feature\Post\PostTest" classname="Tests.Feature.Post.PostTest" file="C:\laragon\www\blog\tests\Feature\Post\PostTest.php" line="51" assertions="1" time="0.334134"/>
        <testcase name="test_user_can_update_a_post" class="Tests\Feature\Post\PostTest" classname="Tests.Feature.Post.PostTest" file="C:\laragon\www\blog\tests\Feature\Post\PostTest.php" line="68" assertions="1" time="0.044010"/>
        <testcase name="test_user_can_delete_a_post" class="Tests\Feature\Post\PostTest" classname="Tests.Feature.Post.PostTest" file="C:\laragon\www\blog\tests\Feature\Post\PostTest.php" line="99" assertions="1" time="0.037575"/>
        <testcase name="test_user_can_force_delete_a_post" class="Tests\Feature\Post\PostTest" classname="Tests.Feature.Post.PostTest" file="C:\laragon\www\blog\tests\Feature\Post\PostTest.php" line="121" assertions="2" time="0.037319"/>
        <testcase name="test_user_can_restore_a_post" class="Tests\Feature\Post\PostTest" classname="Tests.Feature.Post.PostTest" file="C:\laragon\www\blog\tests\Feature\Post\PostTest.php" line="146" assertions="1" time="0.057047"/>
      </testsuite>
    </testsuite>
  </testsuite>
</testsuites>
